2026-04-30T07:44:02: Serving static from: /Users/abdullah/Desktop/node/whatsapp/public
2026-04-30T07:44:02: 
2026-04-30T07:44:02: 🚀 Server running → http://localhost:3000
2026-04-30T07:44:02: 
2026-04-30T07:44:09: 📱 QR code generated — waiting for scan...
2026-04-30T07:45:05: 🔐 Authenticated
2026-04-30T07:45:05: 🔐 Authenticated
2026-04-30T07:45:05: 🔐 Authenticated
2026-04-30T07:45:05: 🔐 Authenticated
2026-04-30T07:45:05: 🔐 Authenticated
2026-04-30T07:45:06: ✅ WhatsApp client ready
2026-04-30T07:45:57: 
2026-04-30T07:45:57: 📤 Bulk send started — 1 contacts
2026-04-30T07:45:57:   ✅ [1/1] Row 2 (96898216618)
2026-04-30T07:45:57: 
2026-04-30T07:45:57: 📊 Done — ✅ 1 sent, ❌ 0 failed
2026-04-30T07:45:57: 
2026-04-30T07:50:09: 🔐 Authenticated
2026-04-30T07:50:09: ✅ WhatsApp client ready
2026-04-30T07:50:39: Serving static from: /Users/abdullah/Desktop/node/whatsapp/public
2026-04-30T07:50:39: 
2026-04-30T07:50:39: 🚀 Server running → http://localhost:3000
2026-04-30T07:50:39: 
2026-04-30T07:50:42: 🔐 Authenticated
2026-04-30T08:00:43: 📁 App directory  : /Users/abdullah/Desktop/node/whatsapp
2026-04-30T08:00:43: 🌐 Static from    : /Users/abdullah/Desktop/node/whatsapp/public
2026-04-30T08:00:43: 🔧 Creating WhatsApp client...
2026-04-30T08:00:43: 💾 Session path: /Users/abdullah/Desktop/node/whatsapp/.wwebjs_auth
2026-04-30T08:00:43: 
2026-04-30T08:00:43: 🚀 Server running → http://localhost:3000
2026-04-30T08:00:43: 
2026-04-30T08:00:48: 🔐 Authenticated successfully
2026-04-30T08:02:31: 📁 App directory  : /Users/abdullah/Desktop/node/whatsapp
2026-04-30T08:02:31: 🌐 Static from    : /Users/abdullah/Desktop/node/whatsapp/public
2026-04-30T08:02:31: 🔧 Creating WhatsApp client...
2026-04-30T08:02:31: 💾 Session path: /Users/abdullah/Desktop/node/whatsapp/.wwebjs_auth
2026-04-30T08:02:31: 
2026-04-30T08:02:31: 🚀 Server running → http://localhost:3000
2026-04-30T08:02:31: 
2026-04-30T08:02:36: 🔐 Authenticated successfully
2026-04-30T08:04:34: 📁 App directory  : /Users/abdullah/Desktop/node/whatsapp
2026-04-30T08:04:34: 🌐 Static from    : /Users/abdullah/Desktop/node/whatsapp/public
2026-04-30T08:04:34: 🔧 Creating WhatsApp client...
2026-04-30T08:04:34: 💾 Session path: /Users/abdullah/Desktop/node/whatsapp/.wwebjs_auth
2026-04-30T08:04:34: 
2026-04-30T08:04:34: 🚀 Server running → http://localhost:3000
2026-04-30T08:04:34: 
2026-04-30T08:04:40: 📱 QR code ready — waiting for scan...
2026-04-30T08:05:21: 🔐 Authenticated successfully
2026-04-30T08:05:21: 🔐 Authenticated successfully
2026-04-30T08:05:21: 🔐 Authenticated successfully
2026-04-30T08:05:21: 🔐 Authenticated successfully
2026-04-30T08:05:21: 🔐 Authenticated successfully
2026-04-30T08:05:22: ✅ WhatsApp client ready
2026-04-30T08:06:03: 
2026-04-30T08:06:03: 📤 Bulk send started — 1 contacts
2026-04-30T08:06:07:   ✅ [1/1] Row 2 (96898216618)
2026-04-30T08:06:07: 
2026-04-30T08:06:07: 📊 Done — ✅ 1 sent, ❌ 0 failed
2026-04-30T08:06:07: 
2026-04-30T08:06:28: 
2026-04-30T08:06:28: 📤 Bulk send started — 1 contacts
2026-04-30T08:06:29:   ✅ [1/1] Row 2 (96898216618)
2026-04-30T08:06:29: 
2026-04-30T08:06:29: 📊 Done — ✅ 1 sent, ❌ 0 failed
2026-04-30T08:06:29: 
2026-04-30T08:10:25: 🔐 Authenticated successfully
2026-04-30T08:10:25: ✅ WhatsApp client ready
2026-04-30T08:34:13: 📁 App directory  : /Users/abdullah/Desktop/node/whatsapp
2026-04-30T08:34:13: 🌐 Static from    : /Users/abdullah/Desktop/node/whatsapp/public
2026-04-30T08:34:13: 🔧 Creating WhatsApp client...
2026-04-30T08:34:13: 💾 Session path: /Users/abdullah/Desktop/node/whatsapp/.wwebjs_auth
2026-04-30T08:34:13: 
2026-04-30T08:34:13: 🚀 Server running → http://localhost:3000
2026-04-30T08:34:13: 
2026-04-30T08:34:19: 🔐 Authenticated successfully
2026-04-30T08:34:19: ✅ WhatsApp client ready
2026-04-30T08:35:46: 📁 App directory  : /Users/abdullah/Desktop/node/whatsapp
2026-04-30T08:35:46: 🌐 Static from    : /Users/abdullah/Desktop/node/whatsapp/public
2026-04-30T08:35:46: 🔧 Creating WhatsApp client...
2026-04-30T08:35:46: 💾 Session path: /Users/abdullah/Desktop/node/whatsapp/.wwebjs_auth
2026-04-30T08:35:46: 
2026-04-30T08:35:46: 🚀 Server running → http://localhost:3000
2026-04-30T08:35:46: 
2026-04-30T08:35:50: 📱 QR code ready — waiting for scan...
2026-04-30T08:36:50: 📱 QR code ready — waiting for scan...
2026-04-30T08:37:10: 📱 QR code ready — waiting for scan...
2026-04-30T08:37:30: 📱 QR code ready — waiting for scan...
2026-04-30T08:37:50: 📱 QR code ready — waiting for scan...
2026-04-30T08:38:10: 📱 QR code ready — waiting for scan...
2026-04-30T08:39:21: 📱 QR code ready — waiting for scan...
2026-04-30T08:40:21: 📱 QR code ready — waiting for scan...
2026-04-30T08:40:41: 📱 QR code ready — waiting for scan...
2026-04-30T08:41:01: 📱 QR code ready — waiting for scan...
2026-04-30T08:41:21: 📱 QR code ready — waiting for scan...
2026-04-30T08:41:41: 📱 QR code ready — waiting for scan...
2026-04-30T08:42:52: 📱 QR code ready — waiting for scan...
2026-04-30T08:43:52: 📱 QR code ready — waiting for scan...
2026-04-30T08:44:12: 📱 QR code ready — waiting for scan...
2026-04-30T08:44:32: 📱 QR code ready — waiting for scan...
2026-04-30T08:44:52: 📱 QR code ready — waiting for scan...
2026-04-30T08:45:12: 📱 QR code ready — waiting for scan...
2026-04-30T08:46:23: 📱 QR code ready — waiting for scan...
2026-04-30T08:47:23: 📱 QR code ready — waiting for scan...
2026-04-30T08:47:43: 📱 QR code ready — waiting for scan...
2026-04-30T08:48:03: 📱 QR code ready — waiting for scan...
2026-04-30T08:48:23: 📱 QR code ready — waiting for scan...
2026-04-30T08:48:43: 📱 QR code ready — waiting for scan...
2026-04-30T08:49:54: 📱 QR code ready — waiting for scan...
2026-04-30T08:50:54: 📱 QR code ready — waiting for scan...
2026-04-30T08:51:10: 📱 QR code ready — waiting for scan...
2026-04-30T08:52:10: 📱 QR code ready — waiting for scan...
2026-04-30T08:52:30: 📱 QR code ready — waiting for scan...
2026-04-30T08:52:50: 📱 QR code ready — waiting for scan...
2026-04-30T08:53:10: 📱 QR code ready — waiting for scan...
2026-04-30T08:53:30: 📱 QR code ready — waiting for scan...
2026-04-30T08:54:41: 📱 QR code ready — waiting for scan...
2026-04-30T08:55:41: 📱 QR code ready — waiting for scan...
2026-04-30T08:56:01: 📱 QR code ready — waiting for scan...
2026-04-30T08:56:21: 📱 QR code ready — waiting for scan...
2026-04-30T08:56:41: 📱 QR code ready — waiting for scan...
2026-04-30T08:57:01: 📱 QR code ready — waiting for scan...
2026-04-30T08:58:12: 📱 QR code ready — waiting for scan...
2026-04-30T08:59:12: 📱 QR code ready — waiting for scan...
2026-04-30T08:59:32: 📱 QR code ready — waiting for scan...
2026-04-30T08:59:52: 📱 QR code ready — waiting for scan...
2026-04-30T09:00:12: 📱 QR code ready — waiting for scan...
2026-04-30T09:00:32: 📱 QR code ready — waiting for scan...
2026-04-30T09:01:43: 📱 QR code ready — waiting for scan...
2026-04-30T09:02:43: 📱 QR code ready — waiting for scan...
2026-04-30T09:03:03: 📱 QR code ready — waiting for scan...
2026-04-30T09:03:23: 📱 QR code ready — waiting for scan...
2026-04-30T09:03:43: 📱 QR code ready — waiting for scan...
2026-04-30T09:04:03: 📱 QR code ready — waiting for scan...
2026-04-30T09:05:14: 📱 QR code ready — waiting for scan...
2026-04-30T09:06:14: 📱 QR code ready — waiting for scan...
2026-04-30T09:06:34: 📱 QR code ready — waiting for scan...
2026-04-30T09:06:54: 📱 QR code ready — waiting for scan...
2026-04-30T09:07:14: 📱 QR code ready — waiting for scan...
2026-04-30T09:07:34: 📱 QR code ready — waiting for scan...
2026-04-30T09:08:45: 📱 QR code ready — waiting for scan...
2026-04-30T09:09:45: 📱 QR code ready — waiting for scan...
2026-04-30T09:10:05: 📱 QR code ready — waiting for scan...
2026-04-30T09:10:25: 📱 QR code ready — waiting for scan...
2026-04-30T09:10:45: 📱 QR code ready — waiting for scan...
2026-04-30T09:11:05: 📱 QR code ready — waiting for scan...
2026-04-30T09:12:16: 📱 QR code ready — waiting for scan...
2026-04-30T09:13:16: 📱 QR code ready — waiting for scan...
2026-04-30T09:13:36: 📱 QR code ready — waiting for scan...
2026-04-30T09:13:56: 📱 QR code ready — waiting for scan...
2026-04-30T09:14:16: 📱 QR code ready — waiting for scan...
2026-04-30T09:14:36: 📱 QR code ready — waiting for scan...
2026-04-30T09:15:47: 📱 QR code ready — waiting for scan...
2026-04-30T09:16:47: 📱 QR code ready — waiting for scan...
2026-04-30T09:17:07: 📱 QR code ready — waiting for scan...
2026-04-30T09:17:27: 📱 QR code ready — waiting for scan...
2026-04-30T09:17:47: 📱 QR code ready — waiting for scan...
2026-04-30T09:18:07: 📱 QR code ready — waiting for scan...
2026-04-30T09:19:18: 📱 QR code ready — waiting for scan...
2026-04-30T09:20:18: 📱 QR code ready — waiting for scan...
2026-04-30T09:20:38: 📱 QR code ready — waiting for scan...
2026-04-30T09:20:58: 📱 QR code ready — waiting for scan...
2026-04-30T09:21:18: 📱 QR code ready — waiting for scan...
2026-05-01T13:14:12: 📁 App directory  : /Users/abdullah/Desktop/node/whatsapp
2026-05-01T13:14:12: 🌐 Static from    : /Users/abdullah/Desktop/node/whatsapp/public
2026-05-01T13:14:12: 🔧 Creating WhatsApp client...
2026-05-01T13:14:12: 💾 Session path: /Users/abdullah/Desktop/node/whatsapp/.wwebjs_auth
2026-05-01T13:14:12: 
2026-05-01T13:14:12: 🚀 Server running → http://localhost:3000
2026-05-01T13:14:12: 
2026-05-01T13:14:18: 📱 QR code ready — waiting for scan...
2026-05-01T13:14:45: 🔐 Authenticated successfully
2026-05-01T13:14:45: 🔐 Authenticated successfully
2026-05-01T13:14:45: 🔐 Authenticated successfully
2026-05-01T13:14:45: 🔐 Authenticated successfully
2026-05-01T13:14:45: 🔐 Authenticated successfully
2026-05-01T13:14:46: ✅ WhatsApp client ready
2026-05-01T13:34:54: 📁 App directory  : /Users/abdullah/Desktop/node/whatsapp
2026-05-01T13:34:54: 🌐 Static from    : /Users/abdullah/Desktop/node/whatsapp/public
2026-05-01T13:34:54: 🔧 Creating WhatsApp client...
2026-05-01T13:34:54: 💾 Session path: /Users/abdullah/Desktop/node/whatsapp/.wwebjs_auth
2026-05-01T13:34:54: 
2026-05-01T13:34:54: 🚀 Server running → http://localhost:3000
2026-05-01T13:34:54: 
2026-05-01T13:35:02: 🔐 Authenticated successfully
2026-05-01T13:35:02: ✅ WhatsApp client ready
2026-05-01T13:36:52: 
2026-05-01T13:36:52: 📤 Bulk send started — 2 contacts
2026-05-01T13:36:52:   ✅ [2/2] Row 3 (96897633688)
2026-05-01T13:36:52: 
2026-05-01T13:36:52: 📊 Done — ✅ 1 sent, ❌ 1 failed
2026-05-01T13:36:52: 
2026-05-01T13:37:06: 
2026-05-01T13:37:06: 📤 Bulk send started — 2 contacts
2026-05-01T13:37:06:   ✅ [1/2] Row 2 (96898216618)
2026-05-01T13:37:22:   ✅ [2/2] Row 3 (96897633688)
2026-05-01T13:37:22: 
2026-05-01T13:37:22: 📊 Done — ✅ 2 sent, ❌ 0 failed
2026-05-01T13:37:22: 
2026-05-01T13:44:05: 📁 App directory  : /Users/abdullah/Desktop/node/whatsapp
2026-05-01T13:44:05: 🌐 Static from    : /Users/abdullah/Desktop/node/whatsapp/public
2026-05-01T13:44:05: 🔧 Creating WhatsApp client...
2026-05-01T13:44:05: 💾 Session path: /Users/abdullah/Desktop/node/whatsapp/.wwebjs_auth
2026-05-01T13:44:05: 
2026-05-01T13:44:05: 🚀 Server running → http://localhost:3000
2026-05-01T13:44:05: 
2026-05-01T13:44:12: 🔐 Authenticated successfully
2026-05-01T13:45:48: 📁 App directory  : /Users/abdullah/Desktop/node/whatsapp
2026-05-01T13:45:48: 🌐 Static from    : /Users/abdullah/Desktop/node/whatsapp/public
2026-05-01T13:45:48: 🔧 Creating WhatsApp client...
2026-05-01T13:45:48: 💾 Session path: /Users/abdullah/Desktop/node/whatsapp/.wwebjs_auth
2026-05-01T13:45:48: 
2026-05-01T13:45:48: 🚀 Server running → http://localhost:3000
2026-05-01T13:45:48: 
2026-05-01T13:45:52: 🔐 Authenticated successfully
2026-05-01T13:45:52: ✅ WhatsApp client ready
2026-05-01T13:52:28: 📁 App directory  : /Users/abdullah/Desktop/node/whatsapp
2026-05-01T13:52:28: 🌐 Static from    : /Users/abdullah/Desktop/node/whatsapp/public
2026-05-01T13:52:28: 
2026-05-01T13:52:28: 🚀 Server running → http://localhost:3000
2026-05-01T13:52:28: 
2026-05-01T13:52:33: 🔄 Boot attempt 1/5...
2026-05-01T13:52:33: 🔧 Creating WhatsApp client...
2026-05-01T13:52:33: 💾 Session path: /Users/abdullah/Desktop/node/whatsapp/.wwebjs_auth
2026-05-01T13:52:38: 🔐 Authenticated successfully
2026-05-01T13:55:03: 📁 App directory  : /Users/abdullah/Desktop/node/whatsapp
2026-05-01T13:55:03: 🌐 Static from    : /Users/abdullah/Desktop/node/whatsapp/public
2026-05-01T13:55:03: 
2026-05-01T13:55:03: 🚀 Server running → http://localhost:3000
2026-05-01T13:55:03: 
2026-05-01T13:55:08: 🔄 Boot attempt 1/5...
2026-05-01T13:55:08: 🔧 Creating WhatsApp client...
2026-05-01T13:55:08: 💾 Session path: /Users/abdullah/Desktop/node/whatsapp/.wwebjs_auth
2026-05-01T13:55:13: 🔐 Authenticated successfully
2026-05-01T13:55:13: ✅ WhatsApp client ready
2026-05-01T13:55:41: 
2026-05-01T13:55:41: 📤 Bulk send started — 2 contacts
2026-05-01T13:55:42:   ✅ [2/2] Row 3 (96897633688)
2026-05-01T13:55:42: 
2026-05-01T13:55:42: 📊 Done — ✅ 1 sent, ❌ 1 failed
2026-05-01T13:55:42: 
2026-05-01T13:58:34: 📁 App directory  : /Users/abdullah/Desktop/node/whatsapp
2026-05-01T13:58:34: 🌐 Static from    : /Users/abdullah/Desktop/node/whatsapp/public
2026-05-01T13:58:34: 
2026-05-01T13:58:34: 🚀 Server running → http://localhost:3000
2026-05-01T13:58:34: 
2026-05-01T13:58:39: 🔄 Boot attempt 1/5...
2026-05-01T13:58:39: 🔧 Creating WhatsApp client...
2026-05-01T13:58:39: 💾 Session path: /Users/abdullah/Desktop/node/whatsapp/.wwebjs_auth
2026-05-01T13:58:46: 🔐 Authenticated successfully
2026-05-01T13:58:47: ✅ WhatsApp client ready
2026-05-01T14:02:44: 👋 Logout requested...
2026-05-01T14:02:44: 🗑  Deleted: /Users/abdullah/Desktop/node/whatsapp/.wwebjs_auth
2026-05-01T14:02:44: 🗑  Deleted: /Users/abdullah/Desktop/node/whatsapp/.wwebjs_cache
2026-05-01T14:02:44: ✅ Session wiped — waiting for new QR scan
2026-05-01T14:02:47: 🔄 Boot attempt 1/5...
2026-05-01T14:02:47: 🔧 Creating WhatsApp client...
2026-05-01T14:02:47: 💾 Session path: /Users/abdullah/Desktop/node/whatsapp/.wwebjs_auth
2026-05-01T14:02:57: 📱 QR code ready — waiting for scan...
2026-05-02T00:20:24: 📁 App directory  : /Users/abdullah/Desktop/node/whatsapp
2026-05-02T00:20:24: 🌐 Static from    : /Users/abdullah/Desktop/node/whatsapp/public
2026-05-02T00:20:24: 
2026-05-02T00:20:24: 🚀 Server running → http://localhost:3000
2026-05-02T00:20:24: 
2026-05-02T00:20:29: 🔄 Boot attempt 1/5...
2026-05-02T00:20:29: 🔧 Creating WhatsApp client...
2026-05-02T00:20:29: 💾 Session path: /Users/abdullah/Desktop/node/whatsapp/.wwebjs_auth
2026-05-02T00:20:34: 📱 QR code ready — waiting for scan...
2026-05-02T00:21:00: 🔐 Authenticated successfully
2026-05-02T00:21:00: 🔐 Authenticated successfully
2026-05-02T00:21:00: 🔐 Authenticated successfully
2026-05-02T00:21:00: 🔐 Authenticated successfully
2026-05-02T00:21:00: 🔐 Authenticated successfully
2026-05-02T00:21:01: ✅ WhatsApp client ready
2026-05-02T00:22:16: 🔐 Authenticated successfully
2026-05-02T00:22:16: 🔐 Authenticated successfully
2026-05-02T00:22:16: 🔐 Authenticated successfully
2026-05-02T00:22:16: 🔐 Authenticated successfully
2026-05-02T00:22:16: 🔐 Authenticated successfully
2026-05-02T00:22:16: 🔐 Authenticated successfully
2026-05-02T00:22:16: ✅ WhatsApp client ready
2026-05-02T00:22:16: ✅ WhatsApp client ready
2026-05-02T00:22:16: ✅ WhatsApp client ready
2026-05-02T00:22:16: ✅ WhatsApp client ready
2026-05-02T00:22:16: ✅ WhatsApp client ready
2026-05-02T00:22:16: ✅ WhatsApp client ready
2026-05-02T00:22:16: 🔌 Disconnected: LOGOUT
2026-05-02T00:22:18: 📱 QR code ready — waiting for scan...
2026-05-02T00:22:21: 🔄 Boot attempt 1/5...
2026-05-02T00:22:21: 🔧 Creating WhatsApp client...
2026-05-02T00:22:21: 💾 Session path: /Users/abdullah/Desktop/node/whatsapp/.wwebjs_auth
2026-05-02T00:23:18: 📱 QR code ready — waiting for scan...
2026-05-02T00:23:23: ⏳ Retrying in 8s...
2026-05-02T00:25:16: 🔄 Boot attempt 2/5...
2026-05-02T00:25:16: 🔧 Creating WhatsApp client...
2026-05-02T00:25:16: 💾 Session path: /Users/abdullah/Desktop/node/whatsapp/.wwebjs_auth
2026-05-02T00:25:16: ⏳ Retrying in 16s...
2026-05-02T00:25:32: 🔄 Boot attempt 3/5...
2026-05-02T00:25:32: 🔧 Creating WhatsApp client...
2026-05-02T00:25:32: 💾 Session path: /Users/abdullah/Desktop/node/whatsapp/.wwebjs_auth
2026-05-02T00:25:32: ⏳ Retrying in 24s...
2026-05-02T00:25:56: 🔄 Boot attempt 4/5...
2026-05-02T00:25:56: 🔧 Creating WhatsApp client...
2026-05-02T00:25:56: 💾 Session path: /Users/abdullah/Desktop/node/whatsapp/.wwebjs_auth
2026-05-02T00:25:56: ⏳ Retrying in 32s...
2026-05-02T00:26:28: 🔄 Boot attempt 5/5...
2026-05-02T00:26:28: 🔧 Creating WhatsApp client...
2026-05-02T00:26:28: 💾 Session path: /Users/abdullah/Desktop/node/whatsapp/.wwebjs_auth
2026-05-11T11:48:25: 📁 App directory  : /Users/abdullah/Desktop/node/whatsapp
2026-05-11T11:48:25: 🌐 Static from    : /Users/abdullah/Desktop/node/whatsapp/public
2026-05-11T11:48:25: 
2026-05-11T11:48:25: 🚀 Server running → http://localhost:3000
2026-05-11T11:48:25: 
2026-05-11T11:48:30: 🔄 Boot attempt 1/5...
2026-05-11T11:48:30: 🔧 Creating WhatsApp client...
2026-05-11T11:48:30: 💾 Session path: /Users/abdullah/Desktop/node/whatsapp/.wwebjs_auth
2026-05-11T11:48:37: 📱 QR code ready — waiting for scan...
2026-05-11T11:49:37: 📱 QR code ready — waiting for scan...
2026-05-11T11:49:53: 🔐 Authenticated successfully
2026-05-11T11:49:53: 🔐 Authenticated successfully
2026-05-11T11:49:53: 🔐 Authenticated successfully
2026-05-11T11:49:53: 🔐 Authenticated successfully
2026-05-11T11:49:53: 🔐 Authenticated successfully
2026-05-11T11:49:53: ✅ WhatsApp client ready
2026-05-11T11:54:56: 🔐 Authenticated successfully
2026-05-11T11:54:56: ✅ WhatsApp client ready
2026-05-12T12:40:58: 📁 App directory  : /Users/abdullah/Desktop/node/whatsapp
2026-05-12T12:40:58: 🌐 Static from    : /Users/abdullah/Desktop/node/whatsapp/public
2026-05-12T12:40:58: 
2026-05-12T12:40:58: 🚀 Server running → http://localhost:3000
2026-05-12T12:40:58: 
2026-05-12T12:41:03: 🔄 Boot attempt 1/5...
2026-05-12T12:41:03: 🔧 Creating WhatsApp client...
2026-05-12T12:41:03: 💾 Session path: /Users/abdullah/Desktop/node/whatsapp/.wwebjs_auth
2026-05-12T12:41:10: 🔐 Authenticated successfully
2026-05-12T12:41:11: ✅ WhatsApp client ready
2026-05-12T16:15:34: 📁 App directory  : /Users/abdullah/Desktop/node/whatsapp
2026-05-12T16:15:34: 🌐 Static from    : /Users/abdullah/Desktop/node/whatsapp/public
2026-05-12T16:15:34: 
2026-05-12T16:15:34: 🚀 Server running → http://localhost:3000
2026-05-12T16:15:34: 
2026-05-12T16:15:39: 🔄 Boot attempt 1/5...
2026-05-12T16:15:39: 🔧 Creating WhatsApp client...
2026-05-12T16:15:39: 💾 Session path: /Users/abdullah/Desktop/node/whatsapp/.wwebjs_auth
2026-05-12T16:15:44: 🔐 Authenticated successfully
2026-05-12T16:15:45: ✅ WhatsApp client ready
2026-05-12T16:17:21: 💬 Incoming from 5751078662264@lid: اهلا
2026-05-12T16:17:21: 📌 Custom reply sent to 5751078662264@lid
2026-05-12T16:19:39: 📁 App directory  : /Users/abdullah/Desktop/node/whatsapp
2026-05-12T16:19:39: 🌐 Static from    : /Users/abdullah/Desktop/node/whatsapp/public
2026-05-12T16:19:39: 
2026-05-12T16:19:39: 🚀 Server running → http://localhost:3000
2026-05-12T16:19:39: 
2026-05-12T16:19:44: 🔄 Boot attempt 1/5...
2026-05-12T16:19:44: 🔧 Creating WhatsApp client...
2026-05-12T16:19:44: 💾 Session path: /Users/abdullah/Desktop/node/whatsapp/.wwebjs_auth
2026-05-12T16:19:49: 🔐 Authenticated successfully
2026-05-12T16:19:49: ✅ WhatsApp client ready
2026-05-12T16:20:42: 💬 Incoming from 5751078662264@lid: موقع
2026-05-12T16:20:42: ℹ️  No custom reply matched for: موقع
2026-05-12T16:20:54: 💬 Incoming from 5751078662264@lid: اهلا
2026-05-12T16:20:54: 📌 Custom reply sent to 5751078662264@lid
2026-05-12T16:21:02: 💬 Incoming from 5751078662264@lid: وين
2026-05-12T16:21:09: 📌 Custom reply sent to 5751078662264@lid
2026-05-12T19:56:24: 📁 App directory  : /Users/abdullah/Desktop/node/whatsapp
2026-05-12T19:56:24: 🌐 Static from    : /Users/abdullah/Desktop/node/whatsapp/public
2026-05-12T19:56:24: 
2026-05-12T19:56:24: 🚀 Server running → http://localhost:3000
2026-05-12T19:56:24: 
2026-05-12T19:56:29: 🔄 Boot attempt 1/5...
2026-05-12T19:56:29: 🔧 Creating WhatsApp client...
2026-05-12T19:56:29: 💾 Session path: /Users/abdullah/Desktop/node/whatsapp/.wwebjs_auth
2026-05-12T19:56:35: 🔐 Authenticated successfully
2026-05-12T19:56:35: ✅ WhatsApp client ready
2026-05-12T19:57:32: 💬 Incoming from 5751078662264@lid: شكرا
2026-05-12T19:57:33: 📌 Custom reply sent to 5751078662264@lid
2026-05-12T19:57:38: 💬 Incoming from 5751078662264@lid: باي
2026-05-12T19:57:38: 📌 Custom reply sent to 5751078662264@lid
